CRITICAL - 2026-08-21 17:30:24 --> ErrorException: require_once(C:\Users\Alejandro\Downloads\App Residencias\vendor\codeigniter4\framework\system\ThirdParty/Kint/init.php): Failed to open stream: No such file or directory
[Method: GET, Route: /]
in SYSTEMPATH\Autoloader\Autoloader.php on line 548.
 1 SYSTEMPATH\Autoloader\Autoloader.php(548): CodeIgniter\Debug\Exceptions->errorHandler()
 2 SYSTEMPATH\Autoloader\Autoloader.php(548): require_once()
 3 SYSTEMPATH\Autoloader\Autoloader.php(520): CodeIgniter\Autoloader\Autoloader->autoloadKint()
 4 SYSTEMPATH\Boot.php(385): CodeIgniter\Autoloader\Autoloader->initializeKint()
 5 SYSTEMPATH\Boot.php(160): CodeIgniter\Boot::initializeKint()
 6 ROOTPATH\spark(34): CodeIgniter\Boot::bootSpark()
ERROR - 2026-08-21 17:32:36 --> Error connecting to the database: Exception: Unable to open database: unable to open database file in C:\Users\Alejandro\Downloads\App Residencias\vendor\codeigniter4\framework\system\Database\SQLite3\Connection.php:111
Stack trace:
#0 C:\Users\Alejandro\Downloads\App Residencias\vendor\codeigniter4\framework\system\Database\SQLite3\Connection.php(111): SQLite3->__construct()
#1 C:\Users\Alejandro\Downloads\App Residencias\vendor\codeigniter4\framework\system\Database\BaseConnection.php(555): CodeIgniter\Database\SQLite3\Connection->connect()
#2 C:\Users\Alejandro\Downloads\App Residencias\vendor\codeigniter4\framework\system\Database\SQLite3\Connection.php(74): CodeIgniter\Database\BaseConnection->initialize()
#3 C:\Users\Alejandro\Downloads\App Residencias\vendor\codeigniter4\framework\system\Database\BaseConnection.php(795): CodeIgniter\Database\SQLite3\Connection->initialize()
#4 C:\Users\Alejandro\Downloads\App Residencias\vendor\codeigniter4\framework\system\Database\BaseConnection.php(1706): CodeIgniter\Database\BaseConnection->query()
#5 C:\Users\Alejandro\Downloads\App Residencias\vendor\codeigniter4\framework\system\Database\BaseConnection.php(1726): CodeIgniter\Database\BaseConnection->listTables()
#6 C:\Users\Alejandro\Downloads\App Residencias\vendor\codeigniter4\framework\system\Database\MigrationRunner.php(821): CodeIgniter\Database\BaseConnection->tableExists()
#7 C:\Users\Alejandro\Downloads\App Residencias\vendor\codeigniter4\framework\system\Database\MigrationRunner.php(173): CodeIgniter\Database\MigrationRunner->ensureTable()
#8 C:\Users\Alejandro\Downloads\App Residencias\vendor\codeigniter4\framework\system\Commands\Database\Migrate.php(89): CodeIgniter\Database\MigrationRunner->latest()
#9 C:\Users\Alejandro\Downloads\App Residencias\vendor\codeigniter4\framework\system\CLI\SignalTrait.php(245): CodeIgniter\Commands\Database\Migrate::CodeIgniter\Commands\Database\{closure}()
#10 C:\Users\Alejandro\Downloads\App Residencias\vendor\codeigniter4\framework\system\Commands\Database\Migrate.php(88): CodeIgniter\Commands\Database\Migrate->withSignalsBlocked()
#11 C:\Users\Alejandro\Downloads\App Residencias\vendor\codeigniter4\framework\system\CLI\Commands.php(72): CodeIgniter\Commands\Database\Migrate->run()
#12 C:\Users\Alejandro\Downloads\App Residencias\vendor\codeigniter4\framework\system\CLI\Console.php(47): CodeIgniter\CLI\Commands->run()
#13 C:\Users\Alejandro\Downloads\App Residencias\vendor\codeigniter4\framework\system\Boot.php(444): CodeIgniter\CLI\Console->run()
#14 C:\Users\Alejandro\Downloads\App Residencias\vendor\codeigniter4\framework\system\Boot.php(166): CodeIgniter\Boot::runCommand()
#15 C:\Users\Alejandro\Downloads\App Residencias\spark(34): CodeIgniter\Boot::bootSpark()
#16 {main}

Next CodeIgniter\Database\Exceptions\DatabaseException: SQLite3 error: Unable to open database: unable to open database file in C:\Users\Alejandro\Downloads\App Residencias\vendor\codeigniter4\framework\system\Database\SQLite3\Connection.php:118
Stack trace:
#0 C:\Users\Alejandro\Downloads\App Residencias\vendor\codeigniter4\framework\system\Database\BaseConnection.php(555): CodeIgniter\Database\SQLite3\Connection->connect()
#1 C:\Users\Alejandro\Downloads\App Residencias\vendor\codeigniter4\framework\system\Database\SQLite3\Connection.php(74): CodeIgniter\Database\BaseConnection->initialize()
#2 C:\Users\Alejandro\Downloads\App Residencias\vendor\codeigniter4\framework\system\Database\BaseConnection.php(795): CodeIgniter\Database\SQLite3\Connection->initialize()
#3 C:\Users\Alejandro\Downloads\App Residencias\vendor\codeigniter4\framework\system\Database\BaseConnection.php(1706): CodeIgniter\Database\BaseConnection->query()
#4 C:\Users\Alejandro\Downloads\App Residencias\vendor\codeigniter4\framework\system\Database\BaseConnection.php(1726): CodeIgniter\Database\BaseConnection->listTables()
#5 C:\Users\Alejandro\Downloads\App Residencias\vendor\codeigniter4\framework\system\Database\MigrationRunner.php(821): CodeIgniter\Database\BaseConnection->tableExists()
#6 C:\Users\Alejandro\Downloads\App Residencias\vendor\codeigniter4\framework\system\Database\MigrationRunner.php(173): CodeIgniter\Database\MigrationRunner->ensureTable()
#7 C:\Users\Alejandro\Downloads\App Residencias\vendor\codeigniter4\framework\system\Commands\Database\Migrate.php(89): CodeIgniter\Database\MigrationRunner->latest()
#8 C:\Users\Alejandro\Downloads\App Residencias\vendor\codeigniter4\framework\system\CLI\SignalTrait.php(245): CodeIgniter\Commands\Database\Migrate::CodeIgniter\Commands\Database\{closure}()
#9 C:\Users\Alejandro\Downloads\App Residencias\vendor\codeigniter4\framework\system\Commands\Database\Migrate.php(88): CodeIgniter\Commands\Database\Migrate->withSignalsBlocked()
#10 C:\Users\Alejandro\Downloads\App Residencias\vendor\codeigniter4\framework\system\CLI\Commands.php(72): CodeIgniter\Commands\Database\Migrate->run()
#11 C:\Users\Alejandro\Downloads\App Residencias\vendor\codeigniter4\framework\system\CLI\Console.php(47): CodeIgniter\CLI\Commands->run()
#12 C:\Users\Alejandro\Downloads\App Residencias\vendor\codeigniter4\framework\system\Boot.php(444): CodeIgniter\CLI\Console->run()
#13 C:\Users\Alejandro\Downloads\App Residencias\vendor\codeigniter4\framework\system\Boot.php(166): CodeIgniter\Boot::runCommand()
#14 C:\Users\Alejandro\Downloads\App Residencias\spark(34): CodeIgniter\Boot::bootSpark()
#15 {main}
CRITICAL - 2026-08-21 17:32:36 --> ErrorException: require(C:\Users\Alejandro\Downloads\App Residencias\app\Views/errors/cli/error_exception.php): Failed to open stream: No such file or directory
[Method: CLI, Route: migrate]
in SYSTEMPATH\CLI\BaseCommand.php on line 133.
 1 SYSTEMPATH\CLI\BaseCommand.php(133): CodeIgniter\Debug\Exceptions->errorHandler()
 2 SYSTEMPATH\CLI\BaseCommand.php(133): require()
 3 SYSTEMPATH\Commands\Database\Migrate.php(104): CodeIgniter\CLI\BaseCommand->showError()
 4 SYSTEMPATH\CLI\Commands.php(72): CodeIgniter\Commands\Database\Migrate->run()
 5 SYSTEMPATH\CLI\Console.php(47): CodeIgniter\CLI\Commands->run()
 6 SYSTEMPATH\Boot.php(444): CodeIgniter\CLI\Console->run()
 7 SYSTEMPATH\Boot.php(166): CodeIgniter\Boot::runCommand()
 8 ROOTPATH\spark(34): CodeIgniter\Boot::bootSpark()
ERROR - 2026-08-21 17:33:16 --> Error connecting to the database: Exception: Unable to open database: unable to open database file in C:\Users\Alejandro\Downloads\App Residencias\vendor\codeigniter4\framework\system\Database\SQLite3\Connection.php:111
Stack trace:
#0 C:\Users\Alejandro\Downloads\App Residencias\vendor\codeigniter4\framework\system\Database\SQLite3\Connection.php(111): SQLite3->__construct()
#1 C:\Users\Alejandro\Downloads\App Residencias\vendor\codeigniter4\framework\system\Database\BaseConnection.php(555): CodeIgniter\Database\SQLite3\Connection->connect()
#2 C:\Users\Alejandro\Downloads\App Residencias\vendor\codeigniter4\framework\system\Database\SQLite3\Connection.php(74): CodeIgniter\Database\BaseConnection->initialize()
#3 C:\Users\Alejandro\Downloads\App Residencias\vendor\codeigniter4\framework\system\Database\BaseConnection.php(795): CodeIgniter\Database\SQLite3\Connection->initialize()
#4 C:\Users\Alejandro\Downloads\App Residencias\vendor\codeigniter4\framework\system\Database\BaseConnection.php(1706): CodeIgniter\Database\BaseConnection->query()
#5 C:\Users\Alejandro\Downloads\App Residencias\vendor\codeigniter4\framework\system\Database\BaseConnection.php(1726): CodeIgniter\Database\BaseConnection->listTables()
#6 C:\Users\Alejandro\Downloads\App Residencias\vendor\codeigniter4\framework\system\Database\MigrationRunner.php(821): CodeIgniter\Database\BaseConnection->tableExists()
#7 C:\Users\Alejandro\Downloads\App Residencias\vendor\codeigniter4\framework\system\Database\MigrationRunner.php(699): CodeIgniter\Database\MigrationRunner->ensureTable()
#8 C:\Users\Alejandro\Downloads\App Residencias\vendor\codeigniter4\framework\system\Commands\Database\MigrateStatus.php(115): CodeIgniter\Database\MigrationRunner->getHistory()
#9 C:\Users\Alejandro\Downloads\App Residencias\vendor\codeigniter4\framework\system\CLI\Commands.php(72): CodeIgniter\Commands\Database\MigrateStatus->run()
#10 C:\Users\Alejandro\Downloads\App Residencias\vendor\codeigniter4\framework\system\CLI\Console.php(47): CodeIgniter\CLI\Commands->run()
#11 C:\Users\Alejandro\Downloads\App Residencias\vendor\codeigniter4\framework\system\Boot.php(444): CodeIgniter\CLI\Console->run()
#12 C:\Users\Alejandro\Downloads\App Residencias\vendor\codeigniter4\framework\system\Boot.php(166): CodeIgniter\Boot::runCommand()
#13 C:\Users\Alejandro\Downloads\App Residencias\spark(34): CodeIgniter\Boot::bootSpark()
#14 {main}

Next CodeIgniter\Database\Exceptions\DatabaseException: SQLite3 error: Unable to open database: unable to open database file in C:\Users\Alejandro\Downloads\App Residencias\vendor\codeigniter4\framework\system\Database\SQLite3\Connection.php:118
Stack trace:
#0 C:\Users\Alejandro\Downloads\App Residencias\vendor\codeigniter4\framework\system\Database\BaseConnection.php(555): CodeIgniter\Database\SQLite3\Connection->connect()
#1 C:\Users\Alejandro\Downloads\App Residencias\vendor\codeigniter4\framework\system\Database\SQLite3\Connection.php(74): CodeIgniter\Database\BaseConnection->initialize()
#2 C:\Users\Alejandro\Downloads\App Residencias\vendor\codeigniter4\framework\system\Database\BaseConnection.php(795): CodeIgniter\Database\SQLite3\Connection->initialize()
#3 C:\Users\Alejandro\Downloads\App Residencias\vendor\codeigniter4\framework\system\Database\BaseConnection.php(1706): CodeIgniter\Database\BaseConnection->query()
#4 C:\Users\Alejandro\Downloads\App Residencias\vendor\codeigniter4\framework\system\Database\BaseConnection.php(1726): CodeIgniter\Database\BaseConnection->listTables()
#5 C:\Users\Alejandro\Downloads\App Residencias\vendor\codeigniter4\framework\system\Database\MigrationRunner.php(821): CodeIgniter\Database\BaseConnection->tableExists()
#6 C:\Users\Alejandro\Downloads\App Residencias\vendor\codeigniter4\framework\system\Database\MigrationRunner.php(699): CodeIgniter\Database\MigrationRunner->ensureTable()
#7 C:\Users\Alejandro\Downloads\App Residencias\vendor\codeigniter4\framework\system\Commands\Database\MigrateStatus.php(115): CodeIgniter\Database\MigrationRunner->getHistory()
#8 C:\Users\Alejandro\Downloads\App Residencias\vendor\codeigniter4\framework\system\CLI\Commands.php(72): CodeIgniter\Commands\Database\MigrateStatus->run()
#9 C:\Users\Alejandro\Downloads\App Residencias\vendor\codeigniter4\framework\system\CLI\Console.php(47): CodeIgniter\CLI\Commands->run()
#10 C:\Users\Alejandro\Downloads\App Residencias\vendor\codeigniter4\framework\system\Boot.php(444): CodeIgniter\CLI\Console->run()
#11 C:\Users\Alejandro\Downloads\App Residencias\vendor\codeigniter4\framework\system\Boot.php(166): CodeIgniter\Boot::runCommand()
#12 C:\Users\Alejandro\Downloads\App Residencias\spark(34): CodeIgniter\Boot::bootSpark()
#13 {main}
CRITICAL - 2026-08-21 17:33:16 --> CodeIgniter\Database\Exceptions\DatabaseException: Unable to connect to the database.
Main connection [SQLite3]: SQLite3 error: Unable to open database: unable to open database file
[Method: CLI, Route: migrate:status]
in SYSTEMPATH\Database\BaseConnection.php on line 606.
 1 SYSTEMPATH\Database\SQLite3\Connection.php(74): CodeIgniter\Database\BaseConnection->initialize()
 2 SYSTEMPATH\Database\BaseConnection.php(795): CodeIgniter\Database\SQLite3\Connection->initialize()
 3 SYSTEMPATH\Database\BaseConnection.php(1706): CodeIgniter\Database\BaseConnection->query()
 4 SYSTEMPATH\Database\BaseConnection.php(1726): CodeIgniter\Database\BaseConnection->listTables()
 5 SYSTEMPATH\Database\MigrationRunner.php(821): CodeIgniter\Database\BaseConnection->tableExists()
 6 SYSTEMPATH\Database\MigrationRunner.php(699): CodeIgniter\Database\MigrationRunner->ensureTable()
 7 SYSTEMPATH\Commands\Database\MigrateStatus.php(115): CodeIgniter\Database\MigrationRunner->getHistory()
 8 SYSTEMPATH\CLI\Commands.php(72): CodeIgniter\Commands\Database\MigrateStatus->run()
 9 SYSTEMPATH\CLI\Console.php(47): CodeIgniter\CLI\Commands->run()
10 SYSTEMPATH\Boot.php(444): CodeIgniter\CLI\Console->run()
11 SYSTEMPATH\Boot.php(166): CodeIgniter\Boot::runCommand()
12 ROOTPATH\spark(34): CodeIgniter\Boot::bootSpark()
ERROR - 2026-08-21 17:33:50 --> Error connecting to the database: Exception: Unable to open database: unable to open database file in C:\Users\Alejandro\Downloads\App Residencias\vendor\codeigniter4\framework\system\Database\SQLite3\Connection.php:111
Stack trace:
#0 C:\Users\Alejandro\Downloads\App Residencias\vendor\codeigniter4\framework\system\Database\SQLite3\Connection.php(111): SQLite3->__construct()
#1 C:\Users\Alejandro\Downloads\App Residencias\vendor\codeigniter4\framework\system\Database\BaseConnection.php(555): CodeIgniter\Database\SQLite3\Connection->connect()
#2 C:\Users\Alejandro\Downloads\App Residencias\vendor\codeigniter4\framework\system\Database\SQLite3\Connection.php(74): CodeIgniter\Database\BaseConnection->initialize()
#3 C:\Users\Alejandro\Downloads\App Residencias\vendor\codeigniter4\framework\system\Database\BaseConnection.php(795): CodeIgniter\Database\SQLite3\Connection->initialize()
#4 C:\Users\Alejandro\Downloads\App Residencias\vendor\codeigniter4\framework\system\Database\BaseConnection.php(1706): CodeIgniter\Database\BaseConnection->query()
#5 C:\Users\Alejandro\Downloads\App Residencias\vendor\codeigniter4\framework\system\Database\BaseConnection.php(1726): CodeIgniter\Database\BaseConnection->listTables()
#6 C:\Users\Alejandro\Downloads\App Residencias\vendor\codeigniter4\framework\system\Database\MigrationRunner.php(821): CodeIgniter\Database\BaseConnection->tableExists()
#7 C:\Users\Alejandro\Downloads\App Residencias\vendor\codeigniter4\framework\system\Database\MigrationRunner.php(699): CodeIgniter\Database\MigrationRunner->ensureTable()
#8 C:\Users\Alejandro\Downloads\App Residencias\vendor\codeigniter4\framework\system\Commands\Database\MigrateStatus.php(115): CodeIgniter\Database\MigrationRunner->getHistory()
#9 C:\Users\Alejandro\Downloads\App Residencias\vendor\codeigniter4\framework\system\CLI\Commands.php(72): CodeIgniter\Commands\Database\MigrateStatus->run()
#10 C:\Users\Alejandro\Downloads\App Residencias\vendor\codeigniter4\framework\system\CLI\Console.php(47): CodeIgniter\CLI\Commands->run()
#11 C:\Users\Alejandro\Downloads\App Residencias\vendor\codeigniter4\framework\system\Boot.php(444): CodeIgniter\CLI\Console->run()
#12 C:\Users\Alejandro\Downloads\App Residencias\vendor\codeigniter4\framework\system\Boot.php(166): CodeIgniter\Boot::runCommand()
#13 C:\Users\Alejandro\Downloads\App Residencias\spark(34): CodeIgniter\Boot::bootSpark()
#14 {main}

Next CodeIgniter\Database\Exceptions\DatabaseException: SQLite3 error: Unable to open database: unable to open database file in C:\Users\Alejandro\Downloads\App Residencias\vendor\codeigniter4\framework\system\Database\SQLite3\Connection.php:118
Stack trace:
#0 C:\Users\Alejandro\Downloads\App Residencias\vendor\codeigniter4\framework\system\Database\BaseConnection.php(555): CodeIgniter\Database\SQLite3\Connection->connect()
#1 C:\Users\Alejandro\Downloads\App Residencias\vendor\codeigniter4\framework\system\Database\SQLite3\Connection.php(74): CodeIgniter\Database\BaseConnection->initialize()
#2 C:\Users\Alejandro\Downloads\App Residencias\vendor\codeigniter4\framework\system\Database\BaseConnection.php(795): CodeIgniter\Database\SQLite3\Connection->initialize()
#3 C:\Users\Alejandro\Downloads\App Residencias\vendor\codeigniter4\framework\system\Database\BaseConnection.php(1706): CodeIgniter\Database\BaseConnection->query()
#4 C:\Users\Alejandro\Downloads\App Residencias\vendor\codeigniter4\framework\system\Database\BaseConnection.php(1726): CodeIgniter\Database\BaseConnection->listTables()
#5 C:\Users\Alejandro\Downloads\App Residencias\vendor\codeigniter4\framework\system\Database\MigrationRunner.php(821): CodeIgniter\Database\BaseConnection->tableExists()
#6 C:\Users\Alejandro\Downloads\App Residencias\vendor\codeigniter4\framework\system\Database\MigrationRunner.php(699): CodeIgniter\Database\MigrationRunner->ensureTable()
#7 C:\Users\Alejandro\Downloads\App Residencias\vendor\codeigniter4\framework\system\Commands\Database\MigrateStatus.php(115): CodeIgniter\Database\MigrationRunner->getHistory()
#8 C:\Users\Alejandro\Downloads\App Residencias\vendor\codeigniter4\framework\system\CLI\Commands.php(72): CodeIgniter\Commands\Database\MigrateStatus->run()
#9 C:\Users\Alejandro\Downloads\App Residencias\vendor\codeigniter4\framework\system\CLI\Console.php(47): CodeIgniter\CLI\Commands->run()
#10 C:\Users\Alejandro\Downloads\App Residencias\vendor\codeigniter4\framework\system\Boot.php(444): CodeIgniter\CLI\Console->run()
#11 C:\Users\Alejandro\Downloads\App Residencias\vendor\codeigniter4\framework\system\Boot.php(166): CodeIgniter\Boot::runCommand()
#12 C:\Users\Alejandro\Downloads\App Residencias\spark(34): CodeIgniter\Boot::bootSpark()
#13 {main}
CRITICAL - 2026-08-21 17:33:50 --> CodeIgniter\Database\Exceptions\DatabaseException: Unable to connect to the database.
Main connection [SQLite3]: SQLite3 error: Unable to open database: unable to open database file
[Method: CLI, Route: migrate:status]
in SYSTEMPATH\Database\BaseConnection.php on line 606.
 1 SYSTEMPATH\Database\SQLite3\Connection.php(74): CodeIgniter\Database\BaseConnection->initialize()
 2 SYSTEMPATH\Database\BaseConnection.php(795): CodeIgniter\Database\SQLite3\Connection->initialize()
 3 SYSTEMPATH\Database\BaseConnection.php(1706): CodeIgniter\Database\BaseConnection->query()
 4 SYSTEMPATH\Database\BaseConnection.php(1726): CodeIgniter\Database\BaseConnection->listTables()
 5 SYSTEMPATH\Database\MigrationRunner.php(821): CodeIgniter\Database\BaseConnection->tableExists()
 6 SYSTEMPATH\Database\MigrationRunner.php(699): CodeIgniter\Database\MigrationRunner->ensureTable()
 7 SYSTEMPATH\Commands\Database\MigrateStatus.php(115): CodeIgniter\Database\MigrationRunner->getHistory()
 8 SYSTEMPATH\CLI\Commands.php(72): CodeIgniter\Commands\Database\MigrateStatus->run()
 9 SYSTEMPATH\CLI\Console.php(47): CodeIgniter\CLI\Commands->run()
10 SYSTEMPATH\Boot.php(444): CodeIgniter\CLI\Console->run()
11 SYSTEMPATH\Boot.php(166): CodeIgniter\Boot::runCommand()
12 ROOTPATH\spark(34): CodeIgniter\Boot::bootSpark()
ERROR - 2026-08-21 17:34:57 --> Error connecting to the database: Exception: Unable to open database: unable to open database file in C:\Users\Alejandro\Downloads\App Residencias\vendor\codeigniter4\framework\system\Database\SQLite3\Connection.php:111
Stack trace:
#0 C:\Users\Alejandro\Downloads\App Residencias\vendor\codeigniter4\framework\system\Database\SQLite3\Connection.php(111): SQLite3->__construct()
#1 C:\Users\Alejandro\Downloads\App Residencias\vendor\codeigniter4\framework\system\Database\BaseConnection.php(555): CodeIgniter\Database\SQLite3\Connection->connect()
#2 C:\Users\Alejandro\Downloads\App Residencias\vendor\codeigniter4\framework\system\Database\SQLite3\Connection.php(74): CodeIgniter\Database\BaseConnection->initialize()
#3 C:\Users\Alejandro\Downloads\App Residencias\vendor\codeigniter4\framework\system\Database\BaseConnection.php(795): CodeIgniter\Database\SQLite3\Connection->initialize()
#4 C:\Users\Alejandro\Downloads\App Residencias\vendor\codeigniter4\framework\system\Database\BaseConnection.php(1706): CodeIgniter\Database\BaseConnection->query()
#5 C:\Users\Alejandro\Downloads\App Residencias\vendor\codeigniter4\framework\system\Database\BaseConnection.php(1726): CodeIgniter\Database\BaseConnection->listTables()
#6 C:\Users\Alejandro\Downloads\App Residencias\vendor\codeigniter4\framework\system\Database\MigrationRunner.php(821): CodeIgniter\Database\BaseConnection->tableExists()
#7 C:\Users\Alejandro\Downloads\App Residencias\vendor\codeigniter4\framework\system\Database\MigrationRunner.php(173): CodeIgniter\Database\MigrationRunner->ensureTable()
#8 C:\Users\Alejandro\Downloads\App Residencias\vendor\codeigniter4\framework\system\Commands\Database\Migrate.php(89): CodeIgniter\Database\MigrationRunner->latest()
#9 C:\Users\Alejandro\Downloads\App Residencias\vendor\codeigniter4\framework\system\CLI\SignalTrait.php(245): CodeIgniter\Commands\Database\Migrate::CodeIgniter\Commands\Database\{closure}()
#10 C:\Users\Alejandro\Downloads\App Residencias\vendor\codeigniter4\framework\system\Commands\Database\Migrate.php(88): CodeIgniter\Commands\Database\Migrate->withSignalsBlocked()
#11 C:\Users\Alejandro\Downloads\App Residencias\vendor\codeigniter4\framework\system\CLI\Commands.php(72): CodeIgniter\Commands\Database\Migrate->run()
#12 C:\Users\Alejandro\Downloads\App Residencias\vendor\codeigniter4\framework\system\CLI\Console.php(47): CodeIgniter\CLI\Commands->run()
#13 C:\Users\Alejandro\Downloads\App Residencias\vendor\codeigniter4\framework\system\Boot.php(444): CodeIgniter\CLI\Console->run()
#14 C:\Users\Alejandro\Downloads\App Residencias\vendor\codeigniter4\framework\system\Boot.php(166): CodeIgniter\Boot::runCommand()
#15 C:\Users\Alejandro\Downloads\App Residencias\spark(34): CodeIgniter\Boot::bootSpark()
#16 {main}

Next CodeIgniter\Database\Exceptions\DatabaseException: SQLite3 error: Unable to open database: unable to open database file in C:\Users\Alejandro\Downloads\App Residencias\vendor\codeigniter4\framework\system\Database\SQLite3\Connection.php:118
Stack trace:
#0 C:\Users\Alejandro\Downloads\App Residencias\vendor\codeigniter4\framework\system\Database\BaseConnection.php(555): CodeIgniter\Database\SQLite3\Connection->connect()
#1 C:\Users\Alejandro\Downloads\App Residencias\vendor\codeigniter4\framework\system\Database\SQLite3\Connection.php(74): CodeIgniter\Database\BaseConnection->initialize()
#2 C:\Users\Alejandro\Downloads\App Residencias\vendor\codeigniter4\framework\system\Database\BaseConnection.php(795): CodeIgniter\Database\SQLite3\Connection->initialize()
#3 C:\Users\Alejandro\Downloads\App Residencias\vendor\codeigniter4\framework\system\Database\BaseConnection.php(1706): CodeIgniter\Database\BaseConnection->query()
#4 C:\Users\Alejandro\Downloads\App Residencias\vendor\codeigniter4\framework\system\Database\BaseConnection.php(1726): CodeIgniter\Database\BaseConnection->listTables()
#5 C:\Users\Alejandro\Downloads\App Residencias\vendor\codeigniter4\framework\system\Database\MigrationRunner.php(821): CodeIgniter\Database\BaseConnection->tableExists()
#6 C:\Users\Alejandro\Downloads\App Residencias\vendor\codeigniter4\framework\system\Database\MigrationRunner.php(173): CodeIgniter\Database\MigrationRunner->ensureTable()
#7 C:\Users\Alejandro\Downloads\App Residencias\vendor\codeigniter4\framework\system\Commands\Database\Migrate.php(89): CodeIgniter\Database\MigrationRunner->latest()
#8 C:\Users\Alejandro\Downloads\App Residencias\vendor\codeigniter4\framework\system\CLI\SignalTrait.php(245): CodeIgniter\Commands\Database\Migrate::CodeIgniter\Commands\Database\{closure}()
#9 C:\Users\Alejandro\Downloads\App Residencias\vendor\codeigniter4\framework\system\Commands\Database\Migrate.php(88): CodeIgniter\Commands\Database\Migrate->withSignalsBlocked()
#10 C:\Users\Alejandro\Downloads\App Residencias\vendor\codeigniter4\framework\system\CLI\Commands.php(72): CodeIgniter\Commands\Database\Migrate->run()
#11 C:\Users\Alejandro\Downloads\App Residencias\vendor\codeigniter4\framework\system\CLI\Console.php(47): CodeIgniter\CLI\Commands->run()
#12 C:\Users\Alejandro\Downloads\App Residencias\vendor\codeigniter4\framework\system\Boot.php(444): CodeIgniter\CLI\Console->run()
#13 C:\Users\Alejandro\Downloads\App Residencias\vendor\codeigniter4\framework\system\Boot.php(166): CodeIgniter\Boot::runCommand()
#14 C:\Users\Alejandro\Downloads\App Residencias\spark(34): CodeIgniter\Boot::bootSpark()
#15 {main}
ERROR - 2026-08-21 17:37:06 --> near "'InnoDB'": syntax error
in SYSTEMPATH\Database\SQLite3\Connection.php on line 163.
 1 SYSTEMPATH\Database\SQLite3\Connection.php(163): SQLite3->exec()
 2 SYSTEMPATH\Database\BaseConnection.php(908): CodeIgniter\Database\SQLite3\Connection->execute()
 3 SYSTEMPATH\Database\BaseConnection.php(825): CodeIgniter\Database\BaseConnection->simpleQuery()
 4 SYSTEMPATH\Database\Forge.php(570): CodeIgniter\Database\BaseConnection->query()
 5 APPPATH\Database\Migrations\2026-01-01-000001_CreateRolesTable.php(40): CodeIgniter\Database\Forge->createTable()
 6 SYSTEMPATH\Database\MigrationRunner.php(1014): App\Database\Migrations\CreateRolesTable->up()
 7 SYSTEMPATH\Database\MigrationRunner.php(202): CodeIgniter\Database\MigrationRunner->migrate()
 8 SYSTEMPATH\Commands\Database\Migrate.php(89): CodeIgniter\Database\MigrationRunner->latest()
 9 SYSTEMPATH\CLI\SignalTrait.php(245): CodeIgniter\Commands\Database\Migrate::CodeIgniter\Commands\Database\{closure}()
10 SYSTEMPATH\Commands\Database\Migrate.php(88): CodeIgniter\Commands\Database\Migrate->withSignalsBlocked()
11 SYSTEMPATH\CLI\Commands.php(72): CodeIgniter\Commands\Database\Migrate->run()
12 SYSTEMPATH\CLI\Console.php(47): CodeIgniter\CLI\Commands->run()
13 SYSTEMPATH\Boot.php(444): CodeIgniter\CLI\Console->run()
14 SYSTEMPATH\Boot.php(166): CodeIgniter\Boot::runCommand()
15 ROOTPATH\spark(34): CodeIgniter\Boot::bootSpark()
ERROR - 2026-08-21 17:39:15 --> near ")": syntax error
in SYSTEMPATH\Database\SQLite3\Connection.php on line 163.
 1 SYSTEMPATH\Database\SQLite3\Connection.php(163): SQLite3->exec()
 2 SYSTEMPATH\Database\BaseConnection.php(908): CodeIgniter\Database\SQLite3\Connection->execute()
 3 SYSTEMPATH\Database\BaseConnection.php(825): CodeIgniter\Database\BaseConnection->simpleQuery()
 4 SYSTEMPATH\Database\BaseBuilder.php(1851): CodeIgniter\Database\BaseConnection->query()
 5 SYSTEMPATH\Database\BaseBuilder.php(2240): CodeIgniter\Database\BaseBuilder->batchExecute()
 6 APPPATH\Database\Seeds\UsuariosDemoSeeder.php(40): CodeIgniter\Database\BaseBuilder->insertBatch()
 7 SYSTEMPATH\Database\Seeder.php(155): App\Database\Seeds\UsuariosDemoSeeder->run()
 8 APPPATH\Database\Seeds\DatabaseSeeder.php(12): CodeIgniter\Database\Seeder->call()
 9 SYSTEMPATH\Database\Seeder.php(155): App\Database\Seeds\DatabaseSeeder->run()
10 SYSTEMPATH\Commands\Database\Seed.php(79): CodeIgniter\Database\Seeder->call()
11 SYSTEMPATH\CLI\Commands.php(72): CodeIgniter\Commands\Database\Seed->run()
12 SYSTEMPATH\CLI\Console.php(47): CodeIgniter\CLI\Commands->run()
13 SYSTEMPATH\Boot.php(444): CodeIgniter\CLI\Console->run()
14 SYSTEMPATH\Boot.php(166): CodeIgniter\Boot::runCommand()
15 ROOTPATH\spark(34): CodeIgniter\Boot::bootSpark()
ERROR - 2026-08-21 17:40:14 --> no such table: usuarios
in SYSTEMPATH\Database\SQLite3\Connection.php on line 163.
 1 SYSTEMPATH\Database\SQLite3\Connection.php(163): SQLite3->exec()
 2 SYSTEMPATH\Database\BaseConnection.php(908): CodeIgniter\Database\SQLite3\Connection->execute()
 3 SYSTEMPATH\Database\BaseConnection.php(825): CodeIgniter\Database\BaseConnection->simpleQuery()
 4 SYSTEMPATH\Database\BaseBuilder.php(1851): CodeIgniter\Database\BaseConnection->query()
 5 SYSTEMPATH\Database\BaseBuilder.php(2240): CodeIgniter\Database\BaseBuilder->batchExecute()
 6 APPPATH\Database\Seeds\UsuariosDemoSeeder.php(46): CodeIgniter\Database\BaseBuilder->insertBatch()
 7 SYSTEMPATH\Database\Seeder.php(155): App\Database\Seeds\UsuariosDemoSeeder->run()
 8 APPPATH\Database\Seeds\DatabaseSeeder.php(12): CodeIgniter\Database\Seeder->call()
 9 SYSTEMPATH\Database\Seeder.php(155): App\Database\Seeds\DatabaseSeeder->run()
10 SYSTEMPATH\Commands\Database\Seed.php(79): CodeIgniter\Database\Seeder->call()
11 SYSTEMPATH\CLI\Commands.php(72): CodeIgniter\Commands\Database\Seed->run()
12 SYSTEMPATH\CLI\Console.php(47): CodeIgniter\CLI\Commands->run()
13 SYSTEMPATH\Boot.php(444): CodeIgniter\CLI\Console->run()
14 SYSTEMPATH\Boot.php(166): CodeIgniter\Boot::runCommand()
15 ROOTPATH\spark(34): CodeIgniter\Boot::bootSpark()
CRITICAL - 2026-08-21 17:42:50 --> ErrorException: Undefined property: Config\App::$permittedURIChars
[Method: GET, Route: /]
in SYSTEMPATH\Router\Router.php on line 160.
 1 SYSTEMPATH\Router\Router.php(160): CodeIgniter\Debug\Exceptions->errorHandler()
 2 SYSTEMPATH\Config\Services.php(640): CodeIgniter\Router\Router->__construct()
 3 SYSTEMPATH\Config\BaseService.php(325): CodeIgniter\Config\Services::router()
 4 SYSTEMPATH\Config\BaseService.php(264): CodeIgniter\Config\BaseService::__callStatic()
 5 SYSTEMPATH\Config\Services.php(634): CodeIgniter\Config\BaseService::getSharedInstance()
 6 SYSTEMPATH\Config\BaseService.php(334): CodeIgniter\Config\Services::router()
 7 SYSTEMPATH\CodeIgniter.php(845): CodeIgniter\Config\BaseService::__callStatic()
 8 SYSTEMPATH\CodeIgniter.php(464): CodeIgniter\CodeIgniter->tryToRouteIt()
 9 SYSTEMPATH\CodeIgniter.php(363): CodeIgniter\CodeIgniter->handleRequest()
10 SYSTEMPATH\Boot.php(417): CodeIgniter\CodeIgniter->run()
11 SYSTEMPATH\Boot.php(68): CodeIgniter\Boot::runCodeIgniter()
12 FCPATH\index.php(29): CodeIgniter\Boot::bootWeb()
13 SYSTEMPATH\rewrite.php(44): require_once('C:\\Users\\Alejandro\\Downloads\\App Residencias\\public\\index.php')
DEBUG - 2026-08-21 17:47:24 --> Session: Class initialized using 'CodeIgniter\Session\Handlers\FileHandler' driver.
DEBUG - 2026-08-21 17:48:07 --> Session: Class initialized using 'CodeIgniter\Session\Handlers\FileHandler' driver.
DEBUG - 2026-08-21 17:51:12 --> Session: Class initialized using 'CodeIgniter\Session\Handlers\FileHandler' driver.
DEBUG - 2026-08-21 17:51:13 --> Session: Class initialized using 'CodeIgniter\Session\Handlers\FileHandler' driver.
DEBUG - 2026-08-21 17:51:13 --> Session: Class initialized using 'CodeIgniter\Session\Handlers\FileHandler' driver.
